Copyright 1986-2022 Xilinx, Inc. All Rights Reserved. Copyright 2022-2025 Advanced Micro Devices, Inc. All Rights Reserved.
---------------------------------------------------------------------------------------------------------------------------------------------
| Tool Version : Vivado v.2025.2 (win64) Build 6299465 Fri Nov 14 19:35:11 GMT 2025
| Date         : Mon Sep  7 14:59:09 2026
| Host         : DESKTOP-HU96KOB running 64-bit major release  (build 9200)
| Command      : report_utilization -hierarchical -file D:/Projects/cxl/splitinfer/fpga/output/reports/post_route_utilization_hier.rpt
| Design       : top
| Device       : xc7a100tcsg324-1
| Speed File   : -1
| Design State : Routed
---------------------------------------------------------------------------------------------------------------------------------------------

Utilization Design Information

Table of Contents
-----------------
1. Utilization by Hierarchy

1. Utilization by Hierarchy
---------------------------

+-------------------------------------------------------------------+-----------------------------------------------------+------------+------------+---------+------+-------+--------+--------+------------+
|                              Instance                             |                        Module                       | Total LUTs | Logic LUTs | LUTRAMs | SRLs |  FFs  | RAMB36 | RAMB18 | DSP Blocks |
+-------------------------------------------------------------------+-----------------------------------------------------+------------+------------+---------+------+-------+--------+--------+------------+
| top                                                               |                                               (top) |      15500 |      14981 |     498 |   21 | 11854 |      0 |      0 |         17 |
|   (top)                                                           |                                               (top) |          1 |          1 |       0 |    0 |    34 |      0 |      0 |          0 |
|   hw_mig.u_mig                                                    |                                       mig_7series_0 |       4353 |       3889 |     448 |   16 |  3767 |      0 |      0 |          0 |
|     u_mig_7series_0_mig                                           |                                   mig_7series_0_mig |       4353 |       3889 |     448 |   16 |  3767 |      0 |      0 |          0 |
|       temp_mon_enabled.u_tempmon                                  |                            mig_7series_v4_2_tempmon |         38 |         38 |       0 |    0 |   122 |      0 |      0 |          0 |
|       u_ddr2_infrastructure                                       |                     mig_7series_v4_2_infrastructure |          9 |          9 |       0 |    0 |   158 |      0 |      0 |          0 |
|       u_memc_ui_top_std                                           |                    mig_7series_v4_2_memc_ui_top_std |       4305 |       3841 |     448 |   16 |  3472 |      0 |      0 |          0 |
|         u_ui_top                                                  |                             mig_7series_v4_2_ui_top |        458 |        262 |     196 |    0 |   549 |      0 |      0 |          0 |
|           ui_cmd0                                                 |                             mig_7series_v4_2_ui_cmd |         34 |         34 |       0 |    0 |    53 |      0 |      0 |          0 |
|           ui_rd_data0                                             |                         mig_7series_v4_2_ui_rd_data |        177 |         85 |      92 |    0 |   163 |      0 |      0 |          0 |
|           ui_wr_data0                                             |                         mig_7series_v4_2_ui_wr_data |        247 |        143 |     104 |    0 |   333 |      0 |      0 |          0 |
|         mem_intfc0                                                |                          mig_7series_v4_2_mem_intfc |       3876 |       3608 |     252 |   16 |  2922 |      0 |      0 |          0 |
|           ddr_phy_top0                                            |                        mig_7series_v4_2_ddr_phy_top |       2552 |       2293 |     244 |   15 |  2091 |      0 |      0 |          0 |
|             u_ddr_calib_top                                       |                      mig_7series_v4_2_ddr_calib_top |       1841 |       1828 |       0 |   13 |  1780 |      0 |      0 |          0 |
|               u_ddr_phy_wrcal                                     |                      mig_7series_v4_2_ddr_phy_wrcal |        146 |        141 |       0 |    5 |   297 |      0 |      0 |          0 |
|               ddr_phy_rdlvl_gen.u_ddr_phy_rdlvl                   |                      mig_7series_v4_2_ddr_phy_rdlvl |        540 |        540 |       0 |    0 |   872 |      0 |      0 |          0 |
|               ddr_phy_tempmon_0                                   |                    mig_7series_v4_2_ddr_phy_tempmon |        249 |        249 |       0 |    0 |   229 |      0 |      0 |          0 |
|               dqsfind_calib_left.u_ddr_phy_dqs_found_cal_hr       |           mig_7series_v4_2_ddr_phy_dqs_found_cal_hr |        131 |        130 |       0 |    1 |    90 |      0 |      0 |          0 |
|               u_ddr_phy_init                                      |                       mig_7series_v4_2_ddr_phy_init |        727 |        724 |       0 |    3 |   240 |      0 |      0 |          0 |
|             u_ddr_mc_phy_wrapper                                  |                 mig_7series_v4_2_ddr_mc_phy_wrapper |        715 |        469 |     244 |    2 |   311 |      0 |      0 |          0 |
|               u_ddr_mc_phy                                        |                         mig_7series_v4_2_ddr_mc_phy |        715 |        469 |     244 |    2 |   287 |      0 |      0 |          0 |
|                 ddr_phy_4lanes_0.u_ddr_phy_4lanes                 |                     mig_7series_v4_2_ddr_phy_4lanes |        714 |        468 |     244 |    2 |   271 |      0 |      0 |          0 |
|                   ddr_byte_lane_C.ddr_byte_lane_C                 |      mig_7series_v4_2_ddr_byte_lane__parameterized1 |        223 |        130 |      92 |    1 |   109 |      0 |      0 |          0 |
|                     (ddr_byte_lane_C.ddr_byte_lane_C)             |      mig_7series_v4_2_ddr_byte_lane__parameterized1 |          0 |          0 |       0 |    0 |    69 |      0 |      0 |          0 |
|                     dq_gen_40.if_post_fifo_gen.u_ddr_if_post_fifo |                   mig_7series_v4_2_ddr_if_post_fifo |        127 |         83 |      44 |    0 |    14 |      0 |      0 |          0 |
|                     of_pre_fifo_gen.u_ddr_of_pre_fifo             | mig_7series_v4_2_ddr_of_pre_fifo__parameterized1_10 |         94 |         46 |      48 |    0 |    24 |      0 |      0 |          0 |
|                   ddr_byte_lane_A.ddr_byte_lane_A                 |                      mig_7series_v4_2_ddr_byte_lane |        389 |        297 |      92 |    0 |   112 |      0 |      0 |          0 |
|                     (ddr_byte_lane_A.ddr_byte_lane_A)             |                      mig_7series_v4_2_ddr_byte_lane |          4 |          4 |       0 |    0 |    69 |      0 |      0 |          0 |
|                     dq_gen_40.if_post_fifo_gen.u_ddr_if_post_fifo |                mig_7series_v4_2_ddr_if_post_fifo_12 |        290 |        246 |      44 |    0 |    19 |      0 |      0 |          0 |
|                     of_pre_fifo_gen.u_ddr_of_pre_fifo             | mig_7series_v4_2_ddr_of_pre_fifo__parameterized1_13 |         95 |         47 |      48 |    0 |    24 |      0 |      0 |          0 |
|                   ddr_byte_lane_B.ddr_byte_lane_B                 |      mig_7series_v4_2_ddr_byte_lane__parameterized0 |         52 |         20 |      32 |    0 |    19 |      0 |      0 |          0 |
|                     of_pre_fifo_gen.u_ddr_of_pre_fifo             | mig_7series_v4_2_ddr_of_pre_fifo__parameterized1_11 |         51 |         19 |      32 |    0 |    19 |      0 |      0 |          0 |
|           mc0                                                     |                                 mig_7series_v4_2_mc |       1328 |       1319 |       8 |    1 |   831 |      0 |      0 |          0 |
|             (mc0)                                                 |                                 mig_7series_v4_2_mc |        101 |        101 |       0 |    0 |    70 |      0 |      0 |          0 |
|             bank_mach0                                            |                          mig_7series_v4_2_bank_mach |       1192 |       1192 |       0 |    0 |   703 |      0 |      0 |          0 |
|               arb_mux0                                            |                            mig_7series_v4_2_arb_mux |        378 |        378 |       0 |    0 |    60 |      0 |      0 |          0 |
|                 arb_row_col0                                      |                        mig_7series_v4_2_arb_row_col |        378 |        378 |       0 |    0 |    56 |      0 |      0 |          0 |
|                   row_arb0                                        |  mig_7series_v4_2_round_robin_arb__parameterized1_8 |        110 |        110 |       0 |    0 |    16 |      0 |      0 |          0 |
|                   col_arb0                                        |    mig_7series_v4_2_round_robin_arb__parameterized1 |        160 |        160 |       0 |    0 |    16 |      0 |      0 |          0 |
|                   pre_4_1_1T_arb.pre_arb0                         |  mig_7series_v4_2_round_robin_arb__parameterized1_7 |        105 |        105 |       0 |    0 |    16 |      0 |      0 |          0 |
|               bank_cntrl[0].bank0                                 |                         mig_7series_v4_2_bank_cntrl |         84 |         84 |       0 |    0 |    78 |      0 |      0 |          0 |
|                 bank_queue0                                       |                         mig_7series_v4_2_bank_queue |         52 |         52 |       0 |    0 |    24 |      0 |      0 |          0 |
|               bank_cntrl[1].bank0                                 |         mig_7series_v4_2_bank_cntrl__parameterized0 |         98 |         98 |       0 |    0 |    79 |      0 |      0 |          0 |
|                 bank_queue0                                       |         mig_7series_v4_2_bank_queue__parameterized0 |         51 |         51 |       0 |    0 |    24 |      0 |      0 |          0 |
|               bank_cntrl[2].bank0                                 |         mig_7series_v4_2_bank_cntrl__parameterized1 |         77 |         77 |       0 |    0 |    77 |      0 |      0 |          0 |
|               bank_cntrl[3].bank0                                 |         mig_7series_v4_2_bank_cntrl__parameterized2 |         84 |         84 |       0 |    0 |    77 |      0 |      0 |          0 |
|                 bank_queue0                                       |         mig_7series_v4_2_bank_queue__parameterized2 |         52 |         52 |       0 |    0 |    24 |      0 |      0 |          0 |
|               bank_cntrl[4].bank0                                 |         mig_7series_v4_2_bank_cntrl__parameterized3 |        132 |        132 |       0 |    0 |    77 |      0 |      0 |          0 |
|                 bank_queue0                                       |         mig_7series_v4_2_bank_queue__parameterized3 |         88 |         88 |       0 |    0 |    24 |      0 |      0 |          0 |
|               bank_cntrl[5].bank0                                 |         mig_7series_v4_2_bank_cntrl__parameterized4 |        109 |        109 |       0 |    0 |    77 |      0 |      0 |          0 |
|                 bank_queue0                                       |         mig_7series_v4_2_bank_queue__parameterized4 |         72 |         72 |       0 |    0 |    24 |      0 |      0 |          0 |
|               bank_cntrl[6].bank0                                 |         mig_7series_v4_2_bank_cntrl__parameterized5 |         82 |         82 |       0 |    0 |    77 |      0 |      0 |          0 |
|               bank_cntrl[7].bank0                                 |         mig_7series_v4_2_bank_cntrl__parameterized6 |         81 |         81 |       0 |    0 |    77 |      0 |      0 |          0 |
|                 bank_queue0                                       |         mig_7series_v4_2_bank_queue__parameterized6 |         51 |         51 |       0 |    0 |    24 |      0 |      0 |          0 |
|               bank_common0                                        |                        mig_7series_v4_2_bank_common |         78 |         78 |       0 |    0 |    24 |      0 |      0 |          0 |
|   u_arb                                                           |                                        ddr2_arbiter |        551 |        551 |       0 |    0 |  1195 |      0 |      0 |          0 |
|   u_cdc_nmc_cmd                                                   |                                       cdc_handshake |         11 |         11 |       0 |    0 |   377 |      0 |      0 |          0 |
|   u_dma_wr_fifo                                                   |                                      cdc_async_fifo |        194 |        170 |      24 |    0 |    40 |      0 |      0 |          0 |
|   u_edgecoh                                                       |                                  edgecoh_controller |        462 |        462 |       0 |    0 |   771 |      0 |      0 |          0 |
|   u_elt_ctrl                                                      |                                  eltwise_controller |       3448 |       3443 |       0 |    5 |  1881 |      0 |      0 |          8 |
|     (u_elt_ctrl)                                                  |                                  eltwise_controller |         79 |         79 |       0 |    0 |   664 |      0 |      0 |          0 |
|     u_elt                                                         |                                         elementwise |       3371 |       3366 |       0 |    5 |  1217 |      0 |      0 |          8 |
|   u_emb                                                           |                                    embedding_lookup |        294 |        294 |       0 |    0 |   272 |      0 |      0 |          6 |
|   u_mac                                                           |                                       mac_array_8x8 |        704 |        704 |       0 |    0 |   802 |      0 |      0 |          0 |
|   u_mac_ctrl                                                      |                                      mac_controller |       5291 |       5291 |       0 |    0 |  2129 |      0 |      0 |          3 |
|   u_nmc                                                           |                                        nmc_dispatch |         31 |         31 |       0 |    0 |   428 |      0 |      0 |          0 |
|   u_usb                                                           |                                       usb_interface |         96 |         96 |       0 |    0 |    71 |      0 |      0 |          0 |
+-------------------------------------------------------------------+-----------------------------------------------------+------------+------------+---------+------+-------+--------+--------+------------+
* Note: The sum of lower-level cells may be larger than their parent cells total, due to cross-hierarchy LUT combining


